Novo arquivo criado através do terminal do VSCode, integrado com o Git-Bash.
Instalar o Git no notebook
Instalar o Visual Studio Code no notebook
Abrir o Git Bash e realizar a configurações globais
    git config --global user.name "Nome do Usuário/conta"
    git config --global user.mail seuemail@seuprovedor.com
Configurar a integração com o VSCode
    Para realizar a configuração é necessário abrir o VSCode ir em Preferência: Abrir as configurações de usuário, posteriormente abrir o arquivo settings.json e inserir a seguinte linha ""terminal.integrated.shell.windows": "D:\\Git\\bin\\bash.exe"" onde a parte que mostra o caminho de um diretório é onde o Git foi instalado.
Começando a utilizar os recurso de controles de versão do git.
    No terminal do VSCode navegar até a pasta onde será salvo o projeto, e utilizar o comando git init para que o git comece a enxergar essa pasta e as mudanças realizadas nela.
    Comece a trabalhar no seu projeto, após já ter iniciado e feito algumas coisas digite no terminal do VSCode o git status você verá a seguinte mensagem: 
  
    Untracked files:
  (use "git add <file>..." to include in what will be committed)

    Para que o Git comece a monitorar o arquivo do seu projeto é necessário que utilizemos o comando git add . onde o "." representa todos os arquivos da pasta caso queria monitorar as mudanças de apenas um arquivo informar o nome com a extensão.
    Após o git add, vamos utilizar o comando git commit -m "", nessa ação o ponto da história será gravado como um comentário e as informações pertinentes para que possamos voltar nesse ponto do projeto.
Para arquivos que forem adicionados no stage Area (git add) mas que não deveriam, podemos desfazer o git add usando o comando git rm --cached NomeDoArquivo , nome do arquivo completo com a extensão.

Git diff é utilizado para verificar as mudanças realizadas no projeto, onde o Git verifica linha por linha para realizar o dif do arquivo que está no working directory com o arquivo que está no repositório.

Ao utilizar o comando git add o comando Git diff passa a não retornar as mesmas informações anteriores.
Para termos o retorno do comando diff após o uso do git add . devemos utilizar o --staged

Git remove, git rm é um comando utilizado para remover os arquivos permanentemente, esse arquivos nem vão para a pasta da lixeira.

Git move, git mv, é o comando utilizado para realizar a mudança de diretório de um arquivo ou apenas renomear um arquivo.

Para criar uma pasta usamos o mkdir e o noma da pasta, exemplo de mover uma pasta:
git mv NomeDoArquivo nome do diretório. Posso também mover e renomear git mv readme.txt sub/README.md
Remover uma pasta rm -r nome da pasta

Caso seja alterado um arquivo no working directory e essa mudança não era para ser feita podemos utilizar o comando git status
e depois dar um git restore  --staged nome do arquivo.

Para alterar o nome do último commit podemos utilizar o git commit --amend -m "nova mensagem"

Revertendo um Commit
git reverte HEAD~5
Outra forma é o git log --oneline daí pegar o hash e usar no git revert xxxxxxxxx (no lugar do x colocar o hash)

Utilizando o .gitignore, serve para ignorar alguns arquivos ou pastas.
git rm -r --cached . utilizar esse comando para o git para de olhar para esses arquivos, e posteriormente adicionar todos.
Como criamos o arquivo .gitignore e dentro dele colocamos os nomes dos arquivos ou pastas que não queremos que sejam acompanhados pelo git ao usar o git add . o git vai começar a acompanhar o arquivos devidos, ou seja todos menos aqueles que estão no .gitignore.

Nesse momento o arquivo continua na pasta mas não fica mais no repositório do git.

===================================================================
Histórico dos comandos

Untracked files:
  (use "git add <file>..." to include in what will be committed)
        readme.txt


Larissa@LAPTOP-VD3VKFEO MINGW64 /d/CEFET/Git (main)
$ git add .

Larissa@LAPTOP-VD3VKFEO MINGW64 /d/CEFET/Git (main)
$ ls
README.md  readme.txt

Larissa@LAPTOP-VD3VKFEO MINGW64 /d/CEFET/Git (main)
$ git mv readme.txt README.MD
fatal: destination exists, source=readme.txt, destination=README.MD

Larissa@LAPTOP-VD3VKFEO MINGW64 /d/CEFET/Git (main)
$ git mv readme.txt README.md
fatal: destination exists, source=readme.txt, destination=README.md

Larissa@LAPTOP-VD3VKFEO MINGW64 /d/CEFET/Git (main)
$ code README.md

Larissa@LAPTOP-VD3VKFEO MINGW64 /d/CEFET/Git (main)
$ diff readme.txt README.md
29,31c29
< Para criar uma pasta usamos o mkdir e o noma da pasta, exemplo de mover uma p
< git mv NomeDoArquivo nome do diretório. Posso também mover e renomear git mv README.md
< Remover uma pasta rm -r nome da pasta
---
>

Larissa@LAPTOP-VD3VKFEO MINGW64 /d/CEFET/Git (main)
$ diff -l readme.txt README.md


2021-12-05 06:11           diff -l readme.txt README.md           Page 1


29,31c29
< Para criar uma pasta usamos o mkdir e o noma da pasta, exemplo de mover uma p
< git mv NomeDoArquivo nome do diretório. Posso também mover e renomear git mv README.md
< Remover uma pasta rm -r nome da pasta
---
>

Larissa@LAPTOP-VD3VKFEO MINGW64 /d/CEFET/Git (main)
$ git status
On branch main
Changes to be committed:
  (use "git restore --staged <file>..." to unstage)
        new file:   README.md
        modified:   readme.txt


Larissa@LAPTOP-VD3VKFEO MINGW64 /d/CEFET/Git (main)
$ git add .

Larissa@LAPTOP-VD3VKFEO MINGW64 /d/CEFET/Git (main)
$ git commit -m "alterando readme.txt para .md"
[main a8ac7c0] alterando readme.txt para .md
 2 files changed, 32 insertions(+), 1 deletion(-)
 create mode 100644 README.md

Larissa@LAPTOP-VD3VKFEO MINGW64 /d/CEFET/Git (main)
$ git rm README.md
rm 'README.md'

Larissa@LAPTOP-VD3VKFEO MINGW64 /d/CEFET/Git (main)
$ git mv readme.txt README.md

Larissa@LAPTOP-VD3VKFEO MINGW64 /d/CEFET/Git (main)
$ ls
README.md

Larissa@LAPTOP-VD3VKFEO MINGW64 /d/CEFET/Git (main)
$ git status
On branch main
Changes to be committed:
  (use "git restore --staged <file>..." to unstage)
        modified:   README.md
        deleted:    readme.txt


Larissa@LAPTOP-VD3VKFEO MINGW64 /d/CEFET/Git (main)
$ git add.
git: 'add.' is not a git command. See 'git --help'.

The most similar command is
        add

Larissa@LAPTOP-VD3VKFEO MINGW64 /d/CEFET/Git (main)
$ git add .

Larissa@LAPTOP-VD3VKFEO MINGW64 /d/CEFET/Git (main)
$ git commit -m "ajuste no read"
[main 19a6d63] ajuste no read
 2 files changed, 3 insertions(+), 32 deletions(-)
 delete mode 100644 readme.txt

Larissa@LAPTOP-VD3VKFEO MINGW64 /d/CEFET/Git (main)
$ code README.md

Larissa@LAPTOP-VD3VKFEO MINGW64 /d/CEFET/Git (main)
$ git log
commit 19a6d63e26b09d88264b88e1ec3e93ae9f908340 (HEAD -> main)
Author: Lucas Mansur <lucasmansur@hotmail.com.br>
Date:   Sun Dec 5 06:14:24 2021 -0300

    ajuste no read

commit a8ac7c058d95df31c1a184b20545b113397b936f
Author: Lucas Mansur <lucasmansur@hotmail.com.br>
Date:   Sun Dec 5 06:13:08 2021 -0300

    alterando readme.txt para .md

commit c4842527c998d667bfc87b056c0398a85bc299db
Author: Lucas Mansur <lucasmansur@hotmail.com.br>
Date:   Sun Dec 5 05:40:45 2021 -0300

    arquivo renomeado

commit 54c77f5fdd376ff3eaaf7b1850648cc049e6ac7a
Author: Lucas Mansur <lucasmansur@hotmail.com.br>
Date:   Sun Dec 5 05:40:06 2021 -0300

    arquivo modificado
    arquivo modificado
    arquivo modificado

commit 7ea78b2b6217f1a22717b6d85dfe1bb81a1548d4
Author: Lucas Mansur <lucasmansur@hotmail.com.br>
    arquivo modificado

commit 7ea78b2b6217f1a22717b6d85dfe1bb81a1548d4        
Author: Lucas Mansur <lucasmansur@hotmail.com.br>      
Date:   Sat Dec 4 19:52:30 2021 -0300

    arquivo removido

commit 5388f885a0d3cb668ffb65f236f81886d8899a07        
Author: Lucas Mansur <lucasmansur@hotmail.com.br>      
Date:   Sat Dec 4 19:49:27 2021 -0300

    adicionando arquivo teste para deletar


Larissa@LAPTOP-VD3VKFEO MINGW64 /d/CEFET/Git (main)
$

Larissa@LAPTOP-VD3VKFEO MINGW64 /d/CEFET/Git (main)
$ git a8ac7c058d95df31c1a184b20545b113397b936f
git: 'a8ac7c058d95df31c1a184b20545b113397b936f' is not a git command. See 'git --help'
--help'.

Larissa@LAPTOP-VD3VKFEO MINGW64 /d/CEFET/Git (main)
$ git log
commit 19a6d63e26b09d88264b88e1ec3e93ae9f908340 (HEAD -> main)
Author: Lucas Mansur <lucasmansur@hotmail.com.br>
Date:   Sun Dec 5 06:14:24 2021 -0300

    ajuste no read

commit a8ac7c058d95df31c1a184b20545b113397b936f
commit a8ac7c058d95df31c1a184b20545b113397b936f
Author: Lucas Mansur <lucasmansur@hotmail.com.br>
Date:   Sun Dec 5 06:13:08 2021 -0300

    alterando readme.txt para .md

commit c4842527c998d667bfc87b056c0398a85bc299db
Author: Lucas Mansur <lucasmansur@hotmail.com.br>
Date:   Sun Dec 5 05:40:45 2021 -0300

    arquivo renomeado

commit 54c77f5fdd376ff3eaaf7b1850648cc049e6ac7a
Author: Lucas Mansur <lucasmansur@hotmail.com.br>

Larissa@LAPTOP-VD3VKFEO MINGW64 /d/CEFET/Git (main)
$

Larissa@LAPTOP-VD3VKFEO MINGW64 /d/CEFET/Git (main)
$ git checkout --c4842527 file.txt
error: unknown option `c4842527'
usage: git checkout [<options>] <branch>
   or: git checkout [<options>] [<branch>] -- <file>...

    -b <branch>           create and checkout a new branch
    -B <branch>           create/reset and checkout a branch
    -l                    create reflog for new branch
    --guess               second guess 'git checkout <no-such-branch>' (default)
    --overlay             use overlay mode (default)
    -q, --quiet           suppress progress reporting
    --recurse-submodules[=<checkout>]
                          control recursive updating of submodules
    --progress            force progress reporting
    -m, --merge           perform a 3-way merge with the new branch
    --conflict <style>    conflict style (merge or diff3)
    -d, --detach          detach HEAD at named commit
    -t, --track           set upstream info for new branch
    -f, --force           force checkout (throw away local modifications)      
    --orphan <new-branch>
                          new unparented branch
    --overwrite-ignore    update ignored files (default)
    --ignore-other-worktrees
                          do not check if another worktree is holding the given ref
    -2, --ours            checkout our version for unmerged files
    -3, --theirs          checkout their version for unmerged files
    -p, --patch           select hunks interactively
    --ignore-skip-worktree-bits
                          do not limit pathspecs to sparse entries only        
    --pathspec-from-file <file>
                          read pathspec from file
    --pathspec-file-nul   with --pathspec-from-file, pathspec elements are separated with NUL character


Larissa@LAPTOP-VD3VKFEO MINGW64 /d/CEFET/Git (main)
$ git log
commit 19a6d63e26b09d88264b88e1ec3e93ae9f908340 (HEAD -> main)
Author: Lucas Mansur <lucasmansur@hotmail.com.br>
Date:   Sun Dec 5 06:14:24 2021 -0300

    ajuste no read

commit a8ac7c058d95df31c1a184b20545b113397b936f
Author: Lucas Mansur <lucasmansur@hotmail.com.br>
Date:   Sun Dec 5 06:13:08 2021 -0300

    alterando readme.txt para .md

commit c4842527c998d667bfc87b056c0398a85bc299db
Author: Lucas Mansur <lucasmansur@hotmail.com.br>
Date:   Sun Dec 5 05:40:45 2021 -0300

    arquivo renomeado

commit 54c77f5fdd376ff3eaaf7b1850648cc049e6ac7a
Author: Lucas Mansur <lucasmansur@hotmail.com.br>
Date:   Sun Dec 5 05:40:06 2021 -0300

    arquivo modificado

commit 7ea78b2b6217f1a22717b6d85dfe1bb81a1548d4
Author: Lucas Mansur <lucasmansur@hotmail.com.br>
Date:   Sat Dec 4 19:52:30 2021 -0300

    arquivo removido

commit 5388f885a0d3cb668ffb65f236f81886d8899a07
Author: Lucas Mansur <lucasmansur@hotmail.com.br>
Date:   Sat Dec 4 19:49:27 2021 -0300

    adicionando arquivo teste para deletar


Larissa@LAPTOP-VD3VKFEO MINGW64 /d/CEFET/Git (main)
$

Larissa@LAPTOP-VD3VKFEO MINGW64 /d/CEFET/Git (main)
$ git check out 54c77f5 -- file.txt
git: 'check' is not a git command. See 'git --help'.

The most similar command is
        checkout

Larissa@LAPTOP-VD3VKFEO MINGW64 /d/CEFET/Git (main)
$ git check out 54c77f5 -- read.txt
git: 'check' is not a git command. See 'git --help'.

The most similar command is
        checkout

Larissa@LAPTOP-VD3VKFEO MINGW64 /d/CEFET/Git (main)
$ git check out 54c77f5 -- readme.txt
git: 'check' is not a git command. See 'git --help'.

The most similar command is
        checkout

Larissa@LAPTOP-VD3VKFEO MINGW64 /d/CEFET/Git (main)
$ git check out 54c77f5 -- readme.txt
git: 'check' is not a git command. See 'git --help'.

The most similar command is
        checkout

Larissa@LAPTOP-VD3VKFEO MINGW64 /d/CEFET/Git (main)
$ git checkout 54c77f5 -- readme.txt
error: pathspec 'readme.txt' did not match any file(s) known to git

Larissa@LAPTOP-VD3VKFEO MINGW64 /d/CEFET/Git (main)
$ git log
commit 19a6d63e26b09d88264b88e1ec3e93ae9f908340 (HEAD -> main)
Author: Lucas Mansur <lucasmansur@hotmail.com.br>
Date:   Sun Dec 5 06:14:24 2021 -0300

    ajuste no read

commit a8ac7c058d95df31c1a184b20545b113397b936f
Author: Lucas Mansur <lucasmansur@hotmail.com.br>
Date:   Sun Dec 5 06:13:08 2021 -0300

    alterando readme.txt para .md

commit c4842527c998d667bfc87b056c0398a85bc299db
Author: Lucas Mansur <lucasmansur@hotmail.com.br>
Date:   Sun Dec 5 05:40:45 2021 -0300

    arquivo renomeado

commit 54c77f5fdd376ff3eaaf7b1850648cc049e6ac7a
Author: Lucas Mansur <lucasmansur@hotmail.com.br>
Date:   Sun Dec 5 05:40:06 2021 -0300

    arquivo modificado

commit 7ea78b2b6217f1a22717b6d85dfe1bb81a1548d4
Author: Lucas Mansur <lucasmansur@hotmail.com.br>
Date:   Sat Dec 4 19:52:30 2021 -0300

    arquivo removido

commit 5388f885a0d3cb668ffb65f236f81886d8899a07
Author: Lucas Mansur <lucasmansur@hotmail.com.br>
Date:   Sat Dec 4 19:49:27 2021 -0300

    adicionando arquivo teste para deletar

commit f234edcd7d188602d3b4ddceeabd0cfc5fc12320
Author: Lucas Mansur <lucasmansur@hotmail.com.br>
Date:   Sat Dec 4 19:44:50 2021 -0300

Larissa@LAPTOP-VD3VKFEO MINGW64 /d/CEFET/Git (main)
$ git checkout c4842527c9 -- readme.txt

Larissa@LAPTOP-VD3VKFEO MINGW64 /d/CEFET/Git (main)
$ git log
commit 19a6d63e26b09d88264b88e1ec3e93ae9f908340 (HEAD -> main)
Author: Lucas Mansur <lucasmansur@hotmail.com.br>
Date:   Sun Dec 5 06:14:24 2021 -0300

    ajuste no read

commit a8ac7c058d95df31c1a184b20545b113397b936f
Author: Lucas Mansur <lucasmansur@hotmail.com.br>
Date:   Sun Dec 5 06:13:08 2021 -0300

    alterando readme.txt para .md

commit c4842527c998d667bfc87b056c0398a85bc299db
Author: Lucas Mansur <lucasmansur@hotmail.com.br>
Date:   Sun Dec 5 05:40:45 2021 -0300

    arquivo renomeado

commit 54c77f5fdd376ff3eaaf7b1850648cc049e6ac7a
Author: Lucas Mansur <lucasmansur@hotmail.com.br>
Date:   Sun Dec 5 05:40:06 2021 -0300

    arquivo modificado

commit 7ea78b2b6217f1a22717b6d85dfe1bb81a1548d4
Author: Lucas Mansur <lucasmansur@hotmail.com.br>
Date:   Sat Dec 4 19:52:30 2021 -0300

    arquivo removido

commit 5388f885a0d3cb668ffb65f236f81886d8899a07

Larissa@LAPTOP-VD3VKFEO MINGW64 /d/CEFET/Git (main)
$ git log
commit 19a6d63e26b09d88264b88e1ec3e93ae9f908340 (HEAD -> main)
Author: Lucas Mansur <lucasmansur@hotmail.com.br>
Date:   Sun Dec 5 06:14:24 2021 -0300

    ajuste no read

commit a8ac7c058d95df31c1a184b20545b113397b936f
Author: Lucas Mansur <lucasmansur@hotmail.com.br>
Date:   Sun Dec 5 06:13:08 2021 -0300

    alterando readme.txt para .md

commit c4842527c998d667bfc87b056c0398a85bc299db
Author: Lucas Mansur <lucasmansur@hotmail.com.br>
Date:   Sun Dec 5 05:40:45 2021 -0300

    arquivo renomeado

commit 54c77f5fdd376ff3eaaf7b1850648cc049e6ac7a
Author: Lucas Mansur <lucasmansur@hotmail.com.br>
Date:   Sun Dec 5 05:40:06 2021 -0300

    arquivo modificado

commit 7ea78b2b6217f1a22717b6d85dfe1bb81a1548d4
Author: Lucas Mansur <lucasmansur@hotmail.com.br>
Date:   Sat Dec 4 19:52:30 2021 -0300

    arquivo removido

commit 5388f885a0d3cb668ffb65f236f81886d8899a07

Larissa@LAPTOP-VD3VKFEO MINGW64 /d/CEFET/Git (main)
$ git checkout 54c77f5fdd -- readme.txt
error: pathspec 'readme.txt' did not match any file(s) known to git

Larissa@LAPTOP-VD3VKFEO MINGW64 /d/CEFET/Git (main)
$ git checkout 54c77f5fdd -- readme.md
error: pathspec 'readme.md' did not match any file(s) known to git

Larissa@LAPTOP-VD3VKFEO MINGW64 /d/CEFET/Git (main)
$ git checkout c4842527c99 -- readme.md
error: pathspec 'readme.md' did not match any file(s) known to git

Larissa@LAPTOP-VD3VKFEO MINGW64 /d/CEFET/Git (main)
$ git checkout c4842527c99 -- readme.txt

Larissa@LAPTOP-VD3VKFEO MINGW64 /d/CEFET/Git (main)
$ git checkout 54c77f5fdd376 -- readme.md
error: pathspec 'readme.md' did not match any file(s) known to git

Larissa@LAPTOP-VD3VKFEO MINGW64 /d/CEFET/Git (main)
$ git checkout 54c77f5fdd376 -- readme.txt
error: pathspec 'readme.txt' did not match any file(s) known to git

Larissa@LAPTOP-VD3VKFEO MINGW64 /d/CEFET/Git (main)
$ git checkout 54c77f5fdd376 -- README.md
error: pathspec 'README.md' did not match any file(s) known to git

Larissa@LAPTOP-VD3VKFEO MINGW64 /d/CEFET/Git (main)
$ git checkout c4842527c99 -- readme.md
error: pathspec 'readme.md' did not match any file(s) known to git

Larissa@LAPTOP-VD3VKFEO MINGW64 /d/CEFET/Git (main)
$ git checkout c4842527c99 -- README.md
error: pathspec 'README.md' did not match any file(s) known to git

Larissa@LAPTOP-VD3VKFEO MINGW64 /d/CEFET/Git (main)
$ git status
On branch main
Changes to be committed:
  (use "git restore --staged <file>..." to unstage)
        new file:   readme.txt

Changes not staged for commit:
  (use "git add/rm <file>..." to update what will be committed)
  (use "git restore <file>..." to discard changes in working directory)        
        deleted:    readme.txt


Larissa@LAPTOP-VD3VKFEO MINGW64 /d/CEFET/Git (main)
$ git add .

Larissa@LAPTOP-VD3VKFEO MINGW64 /d/CEFET/Git (main)
$ git commit -m"quase ok"
On branch main
nothing to commit, working tree clean

Larissa@LAPTOP-VD3VKFEO MINGW64 /d/CEFET/Git (main)
$ ls
README.md

Larissa@LAPTOP-VD3VKFEO MINGW64 /d/CEFET/Git (main)
$ code README.md

Larissa@LAPTOP-VD3VKFEO MINGW64 /d/CEFET/Git (main)
$ git status
On branch main
Changes not staged for commit:
  (use "git add <file>..." to update what will be committed)
  (use "git restore <file>..." to discard changes in working directory)
        modified:   README.md

no changes added to commit (use "git add" and/or "git commit -a")

Larissa@LAPTOP-VD3VKFEO MINGW64 /d/CEFET/Git (main)
$ git staus
git: 'staus' is not a git command. See 'git --help'.

The most similar command is
        status

Larissa@LAPTOP-VD3VKFEO MINGW64 /d/CEFET/Git (main)
$ git status
On branch main
Changes not staged for commit:
  (use "git add <file>..." to update what will be committed)
  (use "git restore <file>..." to discard changes in working directory)
        modified:   README.md

no changes added to commit (use "git add" and/or "git commit -a")

Larissa@LAPTOP-VD3VKFEO MINGW64 /d/CEFET/Git (main)
$ git add .

Larissa@LAPTOP-VD3VKFEO MINGW64 /d/CEFET/Git (main)
$ git commit -m"comando restore"
[main 66ce399] comando restore
 1 file changed, 3 insertions(+)

Larissa@LAPTOP-VD3VKFEO MINGW64 /d/CEFET/Git (main)
$ git status
On branch main
Changes not staged for commit:
  (use "git add <file>..." to update what will be committed)
  (use "git restore <file>..." to discard changes in working directory)
        modified:   README.md

no changes added to commit (use "git add" and/or "git commit -a")

Larissa@LAPTOP-VD3VKFEO MINGW64 /d/CEFET/Git (main)
$ git add .

Larissa@LAPTOP-VD3VKFEO MINGW64 /d/CEFET/Git (main)
$ git commit -m"erro de portugês corrigido"
[main e4bfeed] erro de portugês corrigido
 1 file changed, 1 insertion(+), 1 deletion(-)

Larissa@LAPTOP-VD3VKFEO MINGW64 /d/CEFET/Git (main)
$ git status
On branch main
Changes not staged for commit:
  (use "git add <file>..." to update what will be committed)
  (use "git restore <file>..." to discard changes in working directory)
        modified:   README.md

no changes added to commit (use "git add" and/or "git commit -a")

Larissa@LAPTOP-VD3VKFEO MINGW64 /d/CEFET/Git (main)
$ git add .

Larissa@LAPTOP-VD3VKFEO MINGW64 /d/CEFET/Git (main)
$ git commit -m "readme pronto"
[main 8d0bf19] readme pronto
 1 file changed, 7 insertions(+), 1 deletion(-)

Larissa@LAPTOP-VD3VKFEO MINGW64 /d/CEFET/Git (main)
$ git status
On branch main
nothing to commit, working tree clean

Larissa@LAPTOP-VD3VKFEO MINGW64 /d/CEFET/Git (main)
$ ls
README.md

Larissa@LAPTOP-VD3VKFEO MINGW64 /d/CEFET/Git (main)
$ touch file_ignore.txt

Larissa@LAPTOP-VD3VKFEO MINGW64 /d/CEFET/Git (main)
$ ls
file_ignore.txt  README.md

Larissa@LAPTOP-VD3VKFEO MINGW64 /d/CEFET/Git (main)
$ git status
On branch main
Untracked files:
  (use "git add <file>..." to include in what will be committed)
        file_ignore.txt

nothing added to commit but untracked files present (use "git add" to track)

Larissa@LAPTOP-VD3VKFEO MINGW64 /d/CEFET/Git (main)
$ code file_ignore.txt

Larissa@LAPTOP-VD3VKFEO MINGW64 /d/CEFET/Git (main)
$ git status
On branch main
Untracked files:
  (use "git add <file>..." to include in what will be committed)
        file_ignore.txt

nothing added to commit but untracked files present (use "git add" to track)

Larissa@LAPTOP-VD3VKFEO MINGW64 /d/CEFET/Git (main)
$ gi status
bash: gi: command not found

Larissa@LAPTOP-VD3VKFEO MINGW64 /d/CEFET/Git (main)
$ git status
On branch main
Changes not staged for commit:
  (use "git add <file>..." to update what will be committed)
  (use "git restore <file>..." to discard changes in working directory)
        modified:   README.md

Untracked files:
  (use "git add <file>..." to include in what will be committed)
        file_ignore.txt

no changes added to commit (use "git add" and/or "git commit -a")

Larissa@LAPTOP-VD3VKFEO MINGW64 /d/CEFET/Git (main)
$ git add .

Larissa@LAPTOP-VD3VKFEO MINGW64 /d/CEFET/Git (main)
$ git status
On branch main
Changes to be committed:
  (use "git restore --staged <file>..." to unstage)
        modified:   README.md
        new file:   file_ignore.txt


Larissa@LAPTOP-VD3VKFEO MINGW64 /d/CEFET/Git (main)
$ code .gitignore

Larissa@LAPTOP-VD3VKFEO MINGW64 /d/CEFET/Git (main)
$ git status
On branch main
Changes to be committed:
  (use "git restore --staged <file>..." to unstage)
        modified:   README.md
        new file:   file_ignore.txt

Untracked files:
  (use "git add <file>..." to include in what will be committed)
        .gitignore


Larissa@LAPTOP-VD3VKFEO MINGW64 /d/CEFET/Git (main)
$ git add .gitignore

Larissa@LAPTOP-VD3VKFEO MINGW64 /d/CEFET/Git (main)
$ git status
On branch main
Changes to be committed:
  (use "git restore --staged <file>..." to unstage)
        new file:   .gitignore
        modified:   README.md
        new file:   file_ignore.txt


Larissa@LAPTOP-VD3VKFEO MINGW64 /d/CEFET/Git (main)
$ git commit -m"git ignore"
[main ea5faaa] git ignore
 3 files changed, 5 insertions(+)
 create mode 100644 .gitignore
 create mode 100644 file_ignore.txt

Larissa@LAPTOP-VD3VKFEO MINGW64 /d/CEFET/Git (main)
$ git status
On branch main
nothing to commit, working tree clean

Larissa@LAPTOP-VD3VKFEO MINGW64 /d/CEFET/Git (main)
$ git rm -r --cached .
rm '.gitignore'
rm 'README.md'
rm 'file_ignore.txt'

Larissa@LAPTOP-VD3VKFEO MINGW64 /d/CEFET/Git (main)
$ git status
On branch main
Changes to be committed:
  (use "git restore --staged <file>..." to unstage)
        deleted:    .gitignore
        deleted:    README.md
        deleted:    file_ignore.txt

Untracked files:
  (use "git add <file>..." to include in what will be committed)
        .gitignore
        README.md


Larissa@LAPTOP-VD3VKFEO MINGW64 /d/CEFET/Git (main)
$ git add .

Larissa@LAPTOP-VD3VKFEO MINGW64 /d/CEFET/Git (main)
$ git commit -m "usando o git ignore"
[main 3afaba5] usando o git ignore
 2 files changed, 4 insertions(+), 1 deletion(-)
 delete mode 100644 file_ignore.txt

Larissa@LAPTOP-VD3VKFEO MINGW64 /d/CEFET/Git (main)
$ ls
file_ignore.txt  README.md

Larissa@LAPTOP-VD3VKFEO MINGW64 /d/CEFET/Git (main)
$ git status
On branch main
Changes not staged for commit:
  (use "git add <file>..." to update what will be committed)
  (use "git restore <file>..." to discard changes in working directory)
        modified:   README.md

no changes added to commit (use "git add" and/or "git commit -a")

Larissa@LAPTOP-VD3VKFEO MINGW64 /d/CEFET/Git (main)
$ git add .

Larissa@LAPTOP-VD3VKFEO MINGW64 /d/CEFET/Git (main)
$ git commit -m "finalizado"
[main c6ae1cf] finalizado
 1 file changed, 1 insertion(+), 1 deletion(-)

Larissa@LAPTOP-VD3VKFEO MINGW64 /d/CEFET/Git (main)
$ git status
On branch main
nothing to commit, working tree clean

Larissa@LAPTOP-VD3VKFEO MINGW64 /d/CEFET/Git (main)
$ ssh-keygen -t rsa -b 4096 -C "lucas-mansur@hotmail.com.br"
Generating public/private rsa key pair.
Enter file in which to save the key (/c/Users/Larissa/.ssh/id_rsa): 
/c/Users/Larissa/.ssh/id_rsa already exists.
Overwrite (y/n)? y
Enter passphrase (empty for no passphrase): 
Enter same passphrase again: 
Your identification has been saved in /c/Users/Larissa/.ssh/id_rsa
Your public key has been saved in /c/Users/Larissa/.ssh/id_rsa.pub
The key fingerprint is:
SHA256:Q8ss5IlwU34SAh/dxYxYFzJg8op+GqoJ918YjjtSz+k lucas-mansur@hotmail.com.br
The key's randomart image is:
+---[RSA 4096]----+
|  ..+.==+=+.     |
|   . Oo.o+o      |
|  . + = o        |
|   + * B .       |
|  . o = S        |
| .  .o + .       |
|. +.ooo..        |
|.+.=..+.         |
|= ..o+E          |
+----[SHA256]-----+

Larissa@LAPTOP-VD3VKFEO MINGW64 /d/CEFET/Git (main)
$ cd ~/.ssh/
id_rsa       id_rsa.pub   known_hosts  

Larissa@LAPTOP-VD3VKFEO MINGW64 /d/CEFET/Git (main)
$ cd ~/.ssh/
id_rsa       id_rsa.pub   known_hosts  

Larissa@LAPTOP-VD3VKFEO MINGW64 /d/CEFET/Git (main)
$ cat ~/.ssh/id_rsa.pub
ssh-rsa AAAAB3NzaC1yc2EAAAADAQABAAACAQDVTDANLMlVE6BgNUz0zKHoCSEFtPDmYUTY6Jve/CDi8aBl6IPYff6CRNFIoMqvYla3JmU1TYvfMUgSNgfakfsFznx06I127v1HnGcp0D3pQ/On5aGRQJgaThAQ0pSTqVGy8iI+oJOglN7RWr5h6NT3nV0rbOBdIEv7SADbgd9UUfbNPshEk+MC+pf6mLch9y0fzTil6WI9qxuaQasqMgNyC9+O6Xe/uFv1fIjl1epksSqmqjM3BDrjyX7rzBg3NkKvJJSlL6i0p0kwW9d8JZw8l+zHDs6Q2gCpAiAsbU5Vhk25P2NfCHN4d+3csXSn1/2v0coz6Cv/mOf2QsN+lxFCPU5+Qc7EMBSi+Emy0G6BGKBvw1utK9U4nPPmnd5DQi2roHi/SP6PnFvm13gD5ivU2J1/FltntClrXxy2Zrg8i4etFnG6zvOms+6nijO4sru8AUXl+mpcNzVi+8ScntLI8iKIq7pBJ4PZEp1JRHOvPI/8WwlRFTQduFUfuYajV0vDZ4rP1GbukekK52bLFd/YW1F6coxp6qLPgygYDs6axVvaKpdehb1dBzCZmDDoxvf5VdfeKLZMFq1oH/Q71nFH5SicAm7ZrLJLUjcxFlmzzFrXx2nj7OQmpAjVi8ZmkopQrXnr350LDKVxnZ2sCusARCa3OycFYAty+xNc/GnJiQ== lucas-mansur@hotmail.com.br

Larissa@LAPTOP-VD3VKFEO MINGW64 /d/CEFET/Git (main)
$ eval "$(ssh-agent -s)"
Agent pid 3490

Larissa@LAPTOP-VD3VKFEO MINGW64 /d/CEFET/Git (main)
$ start the ssh-agent in the background
O sistema não pode encontrar o arquivo the.

Larissa@LAPTOP-VD3VKFEO MINGW64 /d/CEFET/Git (main)
$ eval `ssh-agent -s`
Agent pid 3504

Larissa@LAPTOP-VD3VKFEO MINGW64 /d/CEFET/Git (main)
$ ssh-add ~/.shh/id_rsa
/c/Users/Larissa/.shh/id_rsa: No such file or directory

Larissa@LAPTOP-VD3VKFEO MINGW64 /d/CEFET/Git (main)
$ git remote add origin git@github.com:lucas-mansur/Lucas-Mansur.git

Larissa@LAPTOP-VD3VKFEO MINGW64 /d/CEFET/Git (main)
$ git remote -v
origin  git@github.com:lucas-mansur/Lucas-Mansur.git (fetch)
origin  git@github.com:lucas-mansur/Lucas-Mansur.git (push)

Larissa@LAPTOP-VD3VKFEO MINGW64 /d/CEFET/Git (main)
$ git status
On branch main
nothing to commit, working tree clean

Larissa@LAPTOP-VD3VKFEO MINGW64 /d/CEFET/Git (main)
$ git push -u origin main
git@github.com: Permission denied (publickey).
fatal: Could not read from remote repository.

Please make sure you have the correct access rights
and the repository exists.

Larissa@LAPTOP-VD3VKFEO MINGW64 /d/CEFET/Git (main)
$ git push -u origin
fatal: The current branch main has no upstream branch.
To push the current branch and set the remote as upstream, use

    git push --set-upstream origin main


Larissa@LAPTOP-VD3VKFEO MINGW64 /d/CEFET/Git (main)
$ git status
On branch main
nothing to commit, working tree clean

Larissa@LAPTOP-VD3VKFEO MINGW64 /d/CEFET/Git (main)
$ ls
file_ignore.txt  README.md

Larissa@LAPTOP-VD3VKFEO MINGW64 /d/CEFET/Git (main)
$ git push -u origin main
git@github.com: Permission denied (publickey).
fatal: Could not read from remote repository.

Please make sure you have the correct access rights
and the repository exists.

Larissa@LAPTOP-VD3VKFEO MINGW64 /d/CEFET/Git (main)
$ git push 
fatal: The current branch main has no upstream branch.
To push the current branch and set the remote as upstream, use

    git push --set-upstream origin main


Larissa@LAPTOP-VD3VKFEO MINGW64 /d/CEFET/Git (main)
$ git push --set-upstream origin main
git@github.com: Permission denied (publickey).
fatal: Could not read from remote repository.

Please make sure you have the correct access rights
and the repository exists.

Larissa@LAPTOP-VD3VKFEO MINGW64 /d/CEFET/Git (main)
$ remote -v
bash: remote: command not found

Larissa@LAPTOP-VD3VKFEO MINGW64 /d/CEFET/Git (main)
$ git remote -v
origin  git@github.com:lucas-mansur/Lucas-Mansur.git (fetch)
origin  git@github.com:lucas-mansur/Lucas-Mansur.git (push)

Larissa@LAPTOP-VD3VKFEO MINGW64 /d/CEFET/Git (main)
$ git remote add origin git@github.com:lucas-mansur/Lucas-Mansur.git
error: remote origin already exists.

Larissa@LAPTOP-VD3VKFEO MINGW64 /d/CEFET/Git (main)
$ git branch -M main

Larissa@LAPTOP-VD3VKFEO MINGW64 /d/CEFET/Git (main)
$ git push -u origin main
git@github.com: Permission denied (publickey).
fatal: Could not read from remote repository.

Please make sure you have the correct access rights
and the repository exists.

Larissa@LAPTOP-VD3VKFEO MINGW64 /d/CEFET/Git (main)
$ ssh-agent -s
SSH_AUTH_SOCK=/tmp/ssh-FchnYixEXgp8/agent.3651; export SSH_AUTH_SOCK;
SSH_AGENT_PID=3652; export SSH_AGENT_PID;
echo Agent pid 3652;

Larissa@LAPTOP-VD3VKFEO MINGW64 /d/CEFET/Git (main)
$ ssh-add ~/.ssh/id_rsa
Identity added: /c/Users/Larissa/.ssh/id_rsa (lucas-mansur@hotmail.com.br)

Larissa@LAPTOP-VD3VKFEO MINGW64 /d/CEFET/Git (main)
$ git push -u origin main
git@github.com: Permission denied (publickey).
fatal: Could not read from remote repository.

Please make sure you have the correct access rights
and the repository exists.

Larissa@LAPTOP-VD3VKFEO MINGW64 /d/CEFET/Git (main)
$ ssh-agent -s
SSH_AUTH_SOCK=/tmp/ssh-pf199qtyShEe/agent.3671; export SSH_AUTH_SOCK;
SSH_AGENT_PID=3672; export SSH_AGENT_PID;
echo Agent pid 3672;

Larissa@LAPTOP-VD3VKFEO MINGW64 /d/CEFET/Git (main)
$ ls -al ~/.ssh
total 36
drwxr-xr-x 1 Larissa 197121    0 fev 11  2021 .
drwxr-xr-x 1 Larissa 197121    0 dez  5 06:24 ..
-rw-r--r-- 1 Larissa 197121 3401 dez  6 07:13 id_rsa
-rw-r--r-- 1 Larissa 197121  753 dez  6 07:13 id_rsa.pub
-rw-r--r-- 1 Larissa 197121 2987 set  7 15:03 known_hosts

Larissa@LAPTOP-VD3VKFEO MINGW64 /d/CEFET/Git (main)
$ ssh-keygen -t ed25519 -C "lucasmansur@hotmail.com.br"
Generating public/private ed25519 key pair.
Enter file in which to save the key (/c/Users/Larissa/.ssh/id_ed25519): 
Enter passphrase (empty for no passphrase): 
Enter same passphrase again: 
Your identification has been saved in /c/Users/Larissa/.ssh/id_ed25519
Your public key has been saved in /c/Users/Larissa/.ssh/id_ed25519.pub
The key fingerprint is:
SHA256:KdvQF8JY+9u7O3jyB3EAFJoaw9ba10VXuSiXgGeCzHI lucasmansur@hotmail.com.br
The key's randomart image is:
+--[ED25519 256]--+
|      o o.=o  . =|
|     o E * +.. o |
|      O B = ..+ .|
|     . B + +.=.. |
|      = S + +o   |
|       = o o.    |
|      . . ....   |
|          o o..  |
|           +==   |
+----[SHA256]-----+

Larissa@LAPTOP-VD3VKFEO MINGW64 /d/CEFET/Git (main)
$ eval "$(ssh-agent -s)"
Agent pid 3691

Larissa@LAPTOP-VD3VKFEO MINGW64 /d/CEFET/Git (main)
$ ssh-add ~/.ssh/id_ed25519
Identity added: /c/Users/Larissa/.ssh/id_ed25519 (lucasmansur@hotmail.com.br)

Larissa@LAPTOP-VD3VKFEO MINGW64 /d/CEFET/Git (main)
$  git remote -v
origin  git@github.com:lucas-mansur/Lucas-Mansur.git (fetch)
origin  git@github.com:lucas-mansur/Lucas-Mansur.git (push)

Larissa@LAPTOP-VD3VKFEO MINGW64 /d/CEFET/Git (main)
$  clip < ~/.ssh/id_ed25519.pub

Larissa@LAPTOP-VD3VKFEO MINGW64 /d/CEFET/Git (main)
$ ssh-ed25519 AAAAC3NzaC1lZDI1NTE5AAAAIN8vjjNXrfC+ht0Yfr2bFZoflgQb3jvvH5sIwzXoeX6D lucasmansur@hotmail.com.br
bash: ssh-ed25519: command not found

Larissa@LAPTOP-VD3VKFEO MINGW64 /d/CEFET/Git (main)
$ git push -u origin main
To github.com:lucas-mansur/Lucas-Mansur.git
 ! [rejected]        main -> main (fetch first)
error: failed to push some refs to 'github.com:lucas-mansur/Lucas-Mansur.git'
hint: Updates were rejected because the remote contains work that you do
hint: not have locally. This is usually caused by another repository pushing
hint: to the same ref. You may want to first integrate the remote changes
hint: (e.g., 'git pull ...') before pushing again.
hint: See the 'Note about fast-forwards' in 'git push --help' for details.

Larissa@LAPTOP-VD3VKFEO MINGW64 /d/CEFET/Git (main)
$ ls
file_ignore.txt  README.md

Larissa@LAPTOP-VD3VKFEO MINGW64 /d/CEFET/Git (main)
$ mv 
.git/            .gitignore       file_ignore.txt  README.md        

Larissa@LAPTOP-VD3VKFEO MINGW64 /d/CEFET/Git (main)
$ mv
.git/            .gitignore       file_ignore.txt  README.md        

Larissa@LAPTOP-VD3VKFEO MINGW64 /d/CEFET/Git (main)
$ mv README.md README.txt

Larissa@LAPTOP-VD3VKFEO MINGW64 /d/CEFET/Git (main)
$ ls
file_ignore.txt  README.txt

Larissa@LAPTOP-VD3VKFEO MINGW64 /d/CEFET/Git (main)
$ code README.txt